
> shackles_symposium@0.1.0 build
> next build

  Ôû▓ Next.js 14.2.13
  - Environments: .env

   Creating an optimized production build ...
> [PWA] Compile server
> [PWA] Compile server
> [PWA] Compile client (static)
> [PWA] Auto register service worker with: C:\Users\haris\Downloads\shackles_symposium\node_modules\next-pwa\register.js
> [PWA] Service worker: C:\Users\haris\Downloads\shackles_symposium\public\sw.js
> [PWA]   url: /sw.js
> [PWA]   scope: /
node.exe : Failed to 
compile.
At line:1 char:1
+ & "C:\Program 
Files\nodejs/node.exe" 
"C:\Program 
Files\nodejs/node_mo ...
+ ~~~~~~~~~~~~~~~~~~~~~~~~
~~~~~~~~~~~~~~~~~~~~~~~~~~
~~~~~~~~~~~~~~~~~~~
    + CategoryInfo        
      : NotSpecified: (F  
  ailed to compile.:Str   
 ing) [], RemoteExcept    
ion
    + FullyQualifiedError 
   Id : NativeCommandErr  
  or
 

./node_modules/@hookform/r
esolvers/zod/dist/zod.mjs
Module not found: Package 
path ./v4/core is not 
exported from package C:\U
sers\haris\Downloads\shack
les_symposium\node_modules
\zod (see exports field 
in C:\Users\haris\Download
s\shackles_symposium\node_
modules\zod\package.json)

https://nextjs.org/docs/me
ssages/module-not-found

Import trace for 
requested module:
./src/components/features/
OnSpotRegistrationForm.tsx


> Build failed because of 
webpack errors
