playwright.config.ts(1,39): error TS2307: Cannot find module '@playwright/test' or its corresponding type declarations.
src/components/features/OnSpotRegistrationForm.tsx(41,5): error TS2322: Type 'Resolver<{ firstName: string; lastName: string; email: string; phone: string; collegeName: string; collegeLoc: string; department: string; yearOfStudy: "I" | "II" | "III" | "IV"; password: string; confirmPassword: string; ... 7 more ...; referralSource?: string | undefined; }, any, { ...; }>' is not assignable to type 'Resolver<{ firstName: string; lastName: string; email: string; phone: string; collegeName: string; collegeLoc: string; department: string; yearOfStudy: "I" | "II" | "III" | "IV"; password: string; confirmPassword: string; ... 7 more ...; referralSource: string; }, any, { ...; }>'.
  Types of parameters 'options' and 'options' are incompatible.
    Type 'ResolverOptions<{ firstName: string; lastName: string; email: string; phone: string; collegeName: string; collegeLoc: string; department: string; yearOfStudy: "I" | "II" | "III" | "IV"; password: string; confirmPassword: string; ... 7 more ...; referralSource: string; }>' is not assignable to type 'ResolverOptions<{ firstName: string; lastName: string; email: string; phone: string; collegeName: string; collegeLoc: string; department: string; yearOfStudy: "I" | "II" | "III" | "IV"; password: string; confirmPassword: string; ... 7 more ...; referralSource?: string | undefined; }>'.
      Type 'string | undefined' is not assignable to type 'string'.
        Type 'undefined' is not assignable to type 'string'.
src/components/features/OnSpotRegistrationForm.tsx(148,34): error TS2345: Argument of type '(data: OnspotRegistrationData) => Promise<void>' is not assignable to parameter of type 'SubmitHandler<TFieldValues>'.
  Types of parameters 'data' and 'data' are incompatible.
    Type 'TFieldValues' is not assignable to type '{ firstName: string; lastName: string; email: string; phone: string; collegeName: string; collegeLoc: string; department: string; yearOfStudy: "I" | "II" | "III" | "IV"; password: string; confirmPassword: string; ... 7 more ...; referralSource: string; }'.
      Type 'FieldValues' is missing the following properties from type '{ firstName: string; lastName: string; email: string; phone: string; collegeName: string; collegeLoc: string; department: string; yearOfStudy: "I" | "II" | "III" | "IV"; password: string; confirmPassword: string; ... 7 more ...; referralSource: string; }': firstName, lastName, email, phone, and 14 more.
src/components/features/RegistrationForm.tsx(49,5): error TS2322: Type 'Resolver<{ firstName: string; lastName: string; email: string; phone: string; collegeName: string; collegeLoc: string; department: string; yearOfStudy: "I" | "II" | "III" | "IV"; password: string; confirmPassword: string; ... 5 more ...; proofPath?: string | undefined; }, any, { ...; }>' is not assignable to type 'Resolver<{ firstName: string; lastName: string; email: string; phone: string; collegeName: string; collegeLoc: string; department: string; yearOfStudy: "I" | "II" | "III" | "IV"; password: string; confirmPassword: string; ... 5 more ...; acceptedTerms: boolean; }, any, { ...; }>'.
  Types of parameters 'options' and 'options' are incompatible.
    Type 'ResolverOptions<{ firstName: string; lastName: string; email: string; phone: string; collegeName: string; collegeLoc: string; department: string; yearOfStudy: "I" | "II" | "III" | "IV"; password: string; confirmPassword: string; ... 5 more ...; acceptedTerms: boolean; }>' is not assignable to type 'ResolverOptions<{ firstName: string; lastName: string; email: string; phone: string; collegeName: string; collegeLoc: string; department: string; yearOfStudy: "I" | "II" | "III" | "IV"; password: string; confirmPassword: string; ... 5 more ...; proofPath?: string | undefined; }>'.
      Type 'number | undefined' is not assignable to type 'number'.
        Type 'undefined' is not assignable to type 'number'.
src/components/features/RegistrationForm.tsx(200,36): error TS2345: Argument of type '(data: FullRegistrationData) => Promise<void>' is not assignable to parameter of type 'SubmitHandler<TFieldValues>'.
  Types of parameters 'data' and 'data' are incompatible.
    Type 'TFieldValues' is not assignable to type '{ firstName: string; lastName: string; email: string; phone: string; collegeName: string; collegeLoc: string; department: string; yearOfStudy: "I" | "II" | "III" | "IV"; password: string; confirmPassword: string; ... 5 more ...; acceptedTerms: boolean; }'.
      Type 'FieldValues' is missing the following properties from type '{ firstName: string; lastName: string; email: string; phone: string; collegeName: string; collegeLoc: string; department: string; yearOfStudy: "I" | "II" | "III" | "IV"; password: string; confirmPassword: string; ... 5 more ...; acceptedTerms: boolean; }': firstName, lastName, email, phone, and 12 more.
src/server/actions/admin.ts(177,33): error TS2339: Property 'qrToken' does not exist on type 'never'.
src/server/actions/admin.ts(178,33): error TS2339: Property 'shacklesId' does not exist on type 'never'.
src/server/actions/admin.ts(179,33): error TS2339: Property 'registrationType' does not exist on type 'never'.
src/server/actions/scanner-checkin.ts(3,30): error TS2307: Cannot find module 'next-auth' or its corresponding type declarations.
src/server/actions/scanner-checkin.ts(5,34): error TS2307: Cannot find module 'next-auth' or its corresponding type declarations.
src/server/actions/scanner-checkin.ts(6,29): error TS2307: Cannot find module '@/app/api/auth/[...nextauth]/route' or its corresponding type declarations.
src/server/actions/scanner-checkin.ts(37,33): error TS2339: Property 'person' does not exist on type 'PrismaClient<PrismaClientOptions, never, DefaultArgs>'.
src/server/actions/scanner-checkin.ts(54,13): error TS2353: Object literal may only specify known properties, and 'personId' does not exist in type 'EventRegistrationWhereInput'.
src/server/actions/scanner-checkin.ts(61,13): error TS2353: Object literal may only specify known properties, and 'personId' does not exist in type 'EventRegistrationWhereInput'.
src/server/actions/scanner-checkin.ts(67,24): error TS2339: Property 'members' does not exist on type '{ id: string; eventId: string; name: string; nameNormalized: string; teamCode: string; memberCount: number; status: TeamStatus; leaderUserId: string | null; leaderContactPhoneSnapshot: string | null; ... 4 more ...; updatedAt: Date; }'.
src/server/actions/scanner-checkin.ts(75,40): error TS2339: Property 'teamMember' does not exist on type 'PrismaClient<PrismaClientOptions, never, DefaultArgs>'.
src/server/actions/scanner-checkin.ts(77,18): error TS2339: Property 'members' does not exist on type '{ id: string; eventId: string; name: string; nameNormalized: string; teamCode: string; memberCount: number; status: TeamStatus; leaderUserId: string | null; leaderContactPhoneSnapshot: string | null; ... 4 more ...; updatedAt: Date; }'.
src/server/actions/scanner-checkin.ts(122,37): error TS2339: Property 'teamMember' does not exist on type 'PrismaClient<PrismaClientOptions, never, DefaultArgs>'.
src/server/actions/scanner-registration.ts(3,30): error TS2307: Cannot find module 'next-auth' or its corresponding type declarations.
src/server/actions/scanner-registration.ts(5,34): error TS2307: Cannot find module 'next-auth' or its corresponding type declarations.
src/server/actions/scanner-registration.ts(6,29): error TS2307: Cannot find module '@/app/api/auth/[...nextauth]/route' or its corresponding type declarations.
src/server/actions/scanner-registration.ts(43,33): error TS2339: Property 'person' does not exist on type 'PrismaClient<PrismaClientOptions, never, DefaultArgs>'.
src/server/actions/scanner-registration.ts(57,13): error TS2353: Object literal may only specify known properties, and 'personId' does not exist in type 'EventRegistrationWhereInput'.
src/server/actions/scanner-registration.ts(74,13): error TS2353: Object literal may only specify known properties, and 'personId' does not exist in type '(Without<EventRegistrationCreateWithoutTeamInput, EventRegistrationUncheckedCreateWithoutTeamInput> & EventRegistrationUncheckedCreateWithoutTeamInput) | (Without<...> & EventRegistrationCreateWithoutTeamInput) | EventRegistrationCreateWithoutTeamInput[] | EventRegistrationUncheckedCreateWithoutTeamInput[]'.
src/server/actions/scanner-registration.ts(82,13): error TS2353: Object literal may only specify known properties, and 'person' does not exist in type 'EventRegistrationInclude<DefaultArgs>'.
src/server/actions/scanner-registration.ts(116,33): error TS2339: Property 'person' does not exist on type 'PrismaClient<PrismaClientOptions, never, DefaultArgs>'.
src/server/actions/scanner-registration.ts(132,13): error TS2353: Object literal may only specify known properties, and 'personId' does not exist in type '(Without<EventRegistrationCreateWithoutTeamInput, EventRegistrationUncheckedCreateWithoutTeamInput> & EventRegistrationUncheckedCreateWithoutTeamInput) | (Without<...> & EventRegistrationCreateWithoutTeamInput) | EventRegistrationCreateWithoutTeamInput[] | EventRegistrationUncheckedCreateWithoutTeamInput[]'.
src/server/actions/scanner-registration.ts(140,13): error TS2353: Object literal may only specify known properties, and 'person' does not exist in type 'EventRegistrationInclude<DefaultArgs>'.
src/server/actions/scanner-registration.ts(174,33): error TS2339: Property 'person' does not exist on type 'PrismaClient<PrismaClientOptions, never, DefaultArgs>'.
src/server/actions/scanner-registration.ts(188,13): error TS2353: Object literal may only specify known properties, and 'personId' does not exist in type 'EventRegistrationWhereInput'.
src/server/services/team-registration.service.ts(460,5): error TS2353: Object literal may only specify known properties, and 'leaderUserId' does not exist in type 'TeamUpdateInput'.
tests/e2e/onspot-registration.parity.spec.ts(1,41): error TS2307: Cannot find module '@playwright/test' or its corresponding type declarations.
tests/e2e/onspot-registration.parity.spec.ts(101,94): error TS7031: Binding element 'page' implicitly has an 'any' type.
tests/e2e/onspot-registration.public.spec.ts(1,30): error TS2307: Cannot find module '@playwright/test' or its corresponding type declarations.
tests/e2e/onspot-registration.public.spec.ts(4,60): error TS7031: Binding element 'page' implicitly has an 'any' type.
tests/e2e/onspot-registration.public.spec.ts(13,61): error TS7031: Binding element 'page' implicitly has an 'any' type.
tests/e2e/onspot-registration.spec.ts(1,41): error TS2307: Cannot find module '@playwright/test' or its corresponding type declarations.
tests/e2e/onspot-registration.spec.ts(68,78): error TS7031: Binding element 'page' implicitly has an 'any' type.
tests/e2e/onspot-registration.spec.ts(74,71): error TS7031: Binding element 'page' implicitly has an 'any' type.
tests/e2e/onspot-registration.spec.ts(91,72): error TS7031: Binding element 'page' implicitly has an 'any' type.
tests/e2e/scanner-v2-wizard.spec.ts(1,41): error TS2307: Cannot find module '@playwright/test' or its corresponding type declarations.
tests/e2e/scanner-v2-wizard.spec.ts(67,85): error TS7031: Binding element 'page' implicitly has an 'any' type.
tests/e2e/scanner-v2-wizard.spec.ts(77,71): error TS7031: Binding element 'page' implicitly has an 'any' type.
tests/e2e/scanner-v2-wizard.spec.ts(90,95): error TS7031: Binding element 'page' implicitly has an 'any' type.
tests/e2e/smoke.spec.ts(1,30): error TS2307: Cannot find module '@playwright/test' or its corresponding type declarations.
tests/e2e/smoke.spec.ts(107,39): error TS7031: Binding element 'page' implicitly has an 'any' type.
tests/e2e/smoke.spec.ts(115,58): error TS7031: Binding element 'page' implicitly has an 'any' type.
tests/e2e/smoke.spec.ts(120,71): error TS7031: Binding element 'page' implicitly has an 'any' type.
tests/e2e/smoke.spec.ts(126,68): error TS7031: Binding element 'page' implicitly has an 'any' type.
tests/e2e/smoke.spec.ts(132,80): error TS7031: Binding element 'page' implicitly has an 'any' type.
tests/e2e/smoke.spec.ts(143,84): error TS7031: Binding element 'page' implicitly has an 'any' type.
tests/integration/event-archive.service.test.ts(2,38): error TS2307: Cannot find module 'vitest' or its corresponding type declarations.
tests/integration/offline-sync.conflict-matrix.test.ts(2,52): error TS2307: Cannot find module 'vitest' or its corresponding type declarations.
tests/integration/onspot-registration.console.test.ts(2,42): error TS2307: Cannot find module 'vitest' or its corresponding type declarations.
tests/integration/onspot-registration.public.test.ts(2,38): error TS2307: Cannot find module 'vitest' or its corresponding type declarations.
tests/integration/scanner-v2.parity.test.ts(2,42): error TS2307: Cannot find module 'vitest' or its corresponding type declarations.
tests/integration/shackles-id.sequence.test.ts(2,38): error TS2307: Cannot find module 'vitest' or its corresponding type declarations.
tests/integration/team-registration.bulk-failures.test.ts(2,38): error TS2307: Cannot find module 'vitest' or its corresponding type declarations.
tests/integration/team-registration.route-compat.test.ts(2,65): error TS2307: Cannot find module 'vitest' or its corresponding type declarations.
tests/integration/team-registration.stress.test.ts(2,48): error TS2307: Cannot find module 'vitest' or its corresponding type declarations.
tests/integration/team-registration.transaction.test.ts(2,38): error TS2307: Cannot find module 'vitest' or its corresponding type declarations.
tests/integration/year-bootstrap.service.test.ts(2,38): error TS2307: Cannot find module 'vitest' or its corresponding type declarations.
tests/integration/year-visibility.routes.test.ts(2,65): error TS2307: Cannot find module 'vitest' or its corresponding type declarations.
tests/unit/attendance.service.test.ts(2,42): error TS2307: Cannot find module 'vitest' or its corresponding type declarations.
tests/unit/capacity.service.test.ts(1,42): error TS2307: Cannot find module 'vitest' or its corresponding type declarations.
tests/unit/edition.test.ts(1,38): error TS2307: Cannot find module 'vitest' or its corresponding type declarations.
tests/unit/scanner-steps.test.ts(1,38): error TS2307: Cannot find module 'vitest' or its corresponding type declarations.
tests/unit/shackles-id.service.test.ts(1,38): error TS2307: Cannot find module 'vitest' or its corresponding type declarations.
tests/unit/team-registration.service.test.ts(1,38): error TS2307: Cannot find module 'vitest' or its corresponding type declarations.
vitest.config.ts(1,30): error TS2307: Cannot find module 'vitest/config' or its corresponding type declarations.
